     1                                  bits 32 
     2                                  global start        
     3                                  
     4                                  extern exit           
     5                                  import exit msvcrt.dll   
     6                                                       
     7                                  
     8                                  
     9                                  segment data use32 class=data
    10 00000000 07                          a db 7
    11                                      ;b dw 0abcdh   
    12 00000001 0300                        b dw 3
    13 00000003 CDAB3412                    c dd 1234abcdh
    14                                      
    15                                  segment code use32 class=code
    16                                      start:
    17                                          ; 7 + 5
    18                                          ; mov al,7        ; AL = 7
    19                                          ; mov bl, 5       ; BL = 5
    20                                          ; add al, bl      ; AL = AL +BL = 7 + 5
    21                                      
    22 00000000 B007                             mov al, 7         ; AL = 7
    23 00000002 0405                             add al, 5         ; AL = AL + 5 = 7 + 5
    24                                          
    25                                          ; a + 5
    26                                          ; mov al, [a]     ; AL = a
    27                                          ; add al, 5       ; AL = a + 5
    28                                          
    29                                          ; ; a - 3
    30                                          ; mov bl, [a]     ; BL = a
    31                                          ; sub bl, 3       ; BL = a - 3
    32                                      
    33                                          ; a + b
    34 00000004 66A1[01000000]                  mov ax, [b]     ; AX = B
    35 0000000A B700                            mov bh, 0       
    36 0000000C 8A1D[00000000]                  mov bl, [a]     ; BX = 00000000 xxxxxxxx
    37                                          ; mov bx, [a]   ; INCORECT
    38 00000012 6601D8                          add ax, bx      ; AX = AX + BX = a + b
    39                                          
    40                                          
    41 00000015 6A00                        push  dword 0      
    42 00000017 FF15[00000000]              call  [exit]  
