     1                                  bits 32 
     2                                  global start        
     3                                  
     4                                  extern exit, printf, scanf, fopen, fclose, fprintf  
     5                                  import exit msvcrt.dll
     6                                  import printf msvcrt.dll
     7                                  import scanf msvcrt.dll
     8                                  import fopen msvcrt.dll
     9                                  import fclose msvcrt.dll
    10                                  import fprintf msvcrt.dll
    11                                                           
    12                                  ; Se da un nume de fisier (definit in segmentul de date). Sa se creeze un fisier cu numele dat, apoi sa se citeasca de la tastatura numere si sa se scrie valorile citite in fisier pana cand se citeste de la tastatur
    13                                  segment data use32 class=data
    14 00000000 00000000                    nr dd 0
    15 00000004 256400                      format db "%d", 0
    16 00000007 657831322E74787400          nume_fisier db "ex12.txt", 0
    17 00000010 7700                        mod_acces db "w", 0
    18 00000012 FFFFFFFF                    desc_fis dd -1
    19 00000016 496E74726F64756365-         mesaj_intr db `Introduceti numere, urmand ca acestea sa se scrie in fisier, iar apoi introduceti 0 pentru terminarea programului. \n`, 0
    19 0000001F 7469206E756D657265-
    19 00000028 2C2075726D616E6420-
    19 00000031 636120616365737465-
    19 0000003A 612073612073652073-
    19 00000043 6372696520696E2066-
    19 0000004C 69736965722C206961-
    19 00000055 722061706F6920696E-
    19 0000005E 74726F647563657469-
    19 00000067 20302070656E747275-
    19 00000070 207465726D696E6172-
    19 00000079 65612070726F677261-
    19 00000082 6D756C75692E200A00 
    20                                      
    21                                  segment code use32 class=code
    22                                      start:
    23                                          ;crearea/deschiderea fisierului
    24 00000000 68[10000000]                    push dword mod_acces     
    25 00000005 68[07000000]                    push dword nume_fisier
    26 0000000A FF15[00000000]                  call [fopen]
    27 00000010 83C408                          add esp, 4*2
    28                                          
    29                                          ;verificam daca s-a creat cu succes fisierul
    30 00000013 A3[12000000]                    mov [desc_fis], eax
    31 00000018 83F800                          cmp eax, 0
    32 0000001B 7456                            je final
    33                                          
    34                                          ;afisarea unei intructiuni pentru utilizator
    35 0000001D 68[16000000]                    push dword mesaj_intr
    36 00000022 FF15[00000000]                  call [printf]
    37 00000028 83C404                          add esp, 4*1
    38                                          
    39                                      repeta:
    40                                          ;citim numere de la tastatura
    41 0000002B 68[00000000]                    push dword nr
    42 00000030 68[04000000]                    push dword format 
    43 00000035 FF15[00000000]                  call [scanf]
    44 0000003B 83C408                          add esp, 4*2
    45                                          
    46                                          ;verificam daca s-a citit 0
    47 0000003E A1[00000000]                    mov eax, [nr]
    48 00000043 83F800                          cmp eax, 0
    49 00000046 741C                            je inchidef
    50                                          
    51                                          ;se adauga numarul citit in fisier
    52 00000048 FF35[00000000]                  push dword [nr]
    53 0000004E 68[04000000]                    push dword format
    54 00000053 FF35[12000000]                  push dword [desc_fis]
    55 00000059 FF15[00000000]                  call [fprintf]
    56 0000005F 83C40C                          add esp, 4*3
    57                                          
    58 00000062 EBC7                            jmp repeta
    59                                      
    60                                      inchidef:
    61                                          ;inchiderea fisierului
    62 00000064 FF35[12000000]                  push dword [desc_fis]
    63 0000006A FF15[00000000]                  call [fclose]
    64 00000070 83C404                          add esp, 4*1
    65                                       
    66                                      final:
    67 00000073 6A00                            push    dword 0    
    68 00000075 FF15[00000000]                  call    [exit]     
